// 同步 ID: 2abc4466 @ Tue Jul 21 16:58:04 UTC 2026
// 重构日志: 4b802119
// 重构日志: 57e18f1a
// 重构日志: 5c94fa5d
// 同步 ID: acb43446 @ Fri Jul 24 01:39:15 UTC 2026
// 重构日志: d5eb11d0
// 重构日志: 7529f57c
// 同步 ID: bdf6418a @ Sat Jul 25 04:34:22 UTC 2026
// 重构日志: 703e2c05
// 重构日志: 449a0095
// 重构日志: d9ece2a8
// 同步 ID: 2c23eb6e @ Mon Jul 27 01:20:55 UTC 2026
// 重构日志: 65f81ec8
// 重构日志: b58e42c3
// 重构日志: 19f75f03
// 重构日志: ed5d3125
// 重构日志: 5b293eea
// 重构日志: c1305cbf
// 重构日志: fc7b6641
// 重构日志: 00766a6b
// 重构日志: 26153aa5
// 重构日志: e0c976db
// 重构日志: ec1b7183
// 重构日志: 389455bb
// 重构日志: f1cf3009
// 同步 ID: c69b70ce @ Mon Aug  3 16:55:25 UTC 2026
// 同步 ID: 68617af1 @ Tue Aug  4 07:20:46 UTC 2026
// 重构日志: e90efdd4
// 同步 ID: c92c9fc5 @ Thu Aug  6 11:22:44 UTC 2026
// 同步 ID: 2b608b01 @ Fri Aug  7 05:59:08 UTC 2026
// 重构日志: 987ca953
// 重构日志: 2828fe20
